test_admin_owns_distinct_android_package (__main__.ContractTests.test_admin_owns_distinct_android_package) ... ok
test_arbitrary_doctype_selector_rejected (__main__.ContractTests.test_arbitrary_doctype_selector_rejected) ... ok
test_client_role_flag_cannot_enable_admin (__main__.ContractTests.test_client_role_flag_cannot_enable_admin) ... ok
test_company_options_intersect_user_permissions (__main__.ContractTests.test_company_options_intersect_user_permissions) ... ok
test_content_plain_text_and_field_allowlist (__main__.ContractTests.test_content_plain_text_and_field_allowlist) ... ok
test_cross_company_warehouse_rejected (__main__.ContractTests.test_cross_company_warehouse_rejected) ... ok
test_customer_bundle_excludes_dashboard_files (__main__.ContractTests.test_customer_bundle_excludes_dashboard_files) ... ok
test_customer_has_no_admin_access (__main__.ContractTests.test_customer_has_no_admin_access) ... ok
test_customer_identity_cannot_be_supplied_on_order (__main__.ContractTests.test_customer_identity_cannot_be_supplied_on_order) ... ok
test_disabled_flags_are_real_booleans (__main__.ContractTests.test_disabled_flags_are_real_booleans) ... ok
test_disabled_user_denied (__main__.ContractTests.test_disabled_user_denied) ... ok
test_document_permissions_enforced_for_choices (__main__.ContractTests.test_document_permissions_enforced_for_choices) ... ok
test_guest_has_no_admin_access (__main__.ContractTests.test_guest_has_no_admin_access) ... ok
test_hash_supports_unicode_and_is_stable (__main__.ContractTests.test_hash_supports_unicode_and_is_stable) ... ok
test_native_no_credentials_and_fixed_tls_origin (__main__.ContractTests.test_native_no_credentials_and_fixed_tls_origin) ... ok
test_no_catalog_without_required_pricelist (__main__.ContractTests.test_no_catalog_without_required_pricelist) ... ok
test_order_quantities_and_duplicates (__main__.ContractTests.test_order_quantities_and_duplicates) ... ok
test_price_list_currency_must_match (__main__.ContractTests.test_price_list_currency_must_match) ... ok
test_prices_cannot_be_supplied_on_order (__main__.ContractTests.test_prices_cannot_be_supplied_on_order) ... ok
test_prototype_payload_rejected (__main__.ContractTests.test_prototype_payload_rejected) ... ok
test_readonly_or_unknown_module_rejected (__main__.ContractTests.test_readonly_or_unknown_module_rejected) ... ok
test_remote_images_reject_private_or_foreign_paths (__main__.ContractTests.test_remote_images_reject_private_or_foreign_paths) ... ok
test_request_digest_is_order_independent (__main__.ContractTests.test_request_digest_is_order_independent) ... ok
test_role_is_checked_again_after_revocation (__main__.ContractTests.test_role_is_checked_again_after_revocation) ... ok
test_service_user_restored_on_error (__main__.ContractTests.test_service_user_restored_on_error) ... ok
test_stale_settings_revision_rejected (__main__.ContractTests.test_stale_settings_revision_rejected) ... ok
test_submit_requires_orders (__main__.ContractTests.test_submit_requires_orders) ... ok
test_unknown_and_unsupported_features_rejected (__main__.ContractTests.test_unknown_and_unsupported_features_rejected) ... ok
test_valid_settings_saved_and_audited (__main__.ContractTests.test_valid_settings_saved_and_audited) ... ok

----------------------------------------------------------------------
Ran 29 tests in 0.004s

OK
